{
  "__comment__": "This file was automatically created by mcresources",
  "sources": [
    {
      "type": "single",
      "resource": "modid:chests/iron"
    },
    {
      "type": "directory",
      "source": "block",
      "prefix": "block/"
    }
  ]
}