{
  "__comment__": "This file was automatically created by mcresources",
  "type": "minecraft:block",
  "pools": [
    {
      "name": "loot_pool",
      "rolls": 1,
      "entries": [
        {
          "type": "minecraft:item",
          "name": "stone",
          "conditions": [
            {
              "condition": "minecraft:all_of",
              "terms": [
                {
                  "condition": "minecraft:killed_by_player"
                },
                {
                  "condition": "minecraft:random_chance",
                  "chance": 0.123
                }
              ]
            }
          ]
        }
      ],
      "conditions": [
        {
          "condition": "minecraft:survives_explosion"
        }
      ]
    }
  ]
}