{
  "__comment__": "This file was automatically created by mcresources",
  "replace": true,
  "values": [
    "modid:lavathing",
    "othermod:otherlava"
  ]
}