{
  "__comment__": "This file was automatically created by mcresources",
  "replace": false,
  "values": [
    "modid:𝓝𝓸𝓷 𝓐𝓢𝓒𝓘𝓘 𝓣𝓮𝔁𝓽"
  ]
}