{
  "__comment__": "This file was automatically created by mcresources",
  "replace": true,
  "values": [
    "modid:my_entity",
    "minecraft:other_entity"
  ]
}