{
  "__comment__": "This file was automatically created by mcresources",
  "replace": false,
  "values": [
    "modid:block3"
  ]
}