{
  "__comment__": "This file was automatically created by mcresources",
  "type": "minecraft:cave",
  "config": {
    "probability": 1
  }
}