{
  "__comment__": "This file was automatically created by mcresources",
  "variants": {
    "": {
      "model": "modid:block/test_block"
    }
  }
}