{
  "__comment__": "This file was automatically created by mcresources",
  "variants": {
    "powered=false": {
      "model": "modid:block/wood_pressure_plate"
    },
    "powered=true": {
      "model": "modid:block/wood_pressure_plate_down"
    }
  }
}