{
  "__comment__": "This file was automatically created by mcresources",
  "replace": false,
  "values": [
    "modid:\ud835\udcdd\ud835\udcf8\ud835\udcf7 \ud835\udcd0\ud835\udce2\ud835\udcd2\ud835\udcd8\ud835\udcd8 \ud835\udce3\ud835\udcee\ud835\udd01\ud835\udcfd"
  ]
}