{
  "__comment__": "This file was automatically created by mcresources",
  "replace": true,
  "values": [
    "modid:iron_ingot",
    "othermod:iron_ingot"
  ]
}