{
  "__comment__": "This file was automatically created by mcresources",
  "item.modid.sample_item": "Sample Item",
  "item.othermod.stuff_item": "Other Item",
  "item.modid.expected.slash.item": "Sample Slash Item"
}