{
  "__comment__": "This file was automatically created by mcresources",
  "key": "value",
  "k": "v"
}