{
  "__comment__": "This file was automatically created by mcresources",
  "parent": "item/generated",
  "textures": {
    "first": "a",
    "second": "b"
  }
}