{
  "__comment__": "This file was automatically created by mcresources",
  "parent": "modid:block/stone_wall_inventory"
}