{
  "__comment__": "This file was automatically created by mcresources",
  "parent": "modid:block/test_block"
}