{
  "__comment__": "This file was automatically created by mcresources",
  "parent": "minecraft:recipes/root",
  "criteria": {
    "has_item": {
      "trigger": "minecraft:inventory_changed",
      "conditions": {
        "items": [
          {
            "items": [
              "minecraft:dirt"
            ]
          }
        ]
      }
    },
    "has_the_recipe": {
      "trigger": "minecraft:recipe_unlocked",
      "conditions": {
        "recipe": "modid:my_block"
      }
    }
  },
  "requirements": [
    [
      "has_item",
      "has_the_recipe"
    ]
  ],
  "rewards": {
    "recipes": [
      "modid:my_block"
    ]
  }
}