{
  "__comment__": "This file was automatically created by mcresources",
  "type": "minecraft:pink_type",
  "generator": {
    "type": "pink:pink",
    "seed": 1234
  }
}