{
  "__comment__": "This file was automatically created by mcresources",
  "type": "minecraft:lake",
  "config": {
    "block": "minecraft:lava"
  }
}