{
  "__comment__": "This file was automatically created by mcresources",
  "type": "minecraft:block",
  "pools": [
    {
      "name": "loot_pool",
      "rolls": 1,
      "entries": [
        {
          "type": "minecraft:item",
          "name": "modid:block8",
          "conditions": [
            {
              "condition": "minecraft:mystery_condition"
            }
          ],
          "functions": [
            {
              "function": "minecraft:mystery_function"
            },
            {
              "function": "minecraft:set_count",
              "count": 3
            }
          ]
        }
      ],
      "conditions": [
        {
          "condition": "minecraft:survives_explosion"
        }
      ]
    }
  ]
}