{
  "__comment__": "This file was automatically created by mcresources",
  "loader": "minecraft:test_loader",
  "raw_data": {
    "more_raw_data": 3
  }
}