{
  "__comment__": "This file was automatically created by mcresources",
  "parent": "block/template_wall_side",
  "textures": {
    "wall": "modid:block/stone"
  }
}