{
  "__comment__": "This file was automatically created by mcresources",
  "parent": "block/fence_side",
  "textures": {
    "texture": "modid:block/wood"
  }
}