{
  "__comment__": "This file was automatically created by mcresources",
  "parent": "block/stairs",
  "textures": {
    "bottom": "modid:block/wood",
    "top": "modid:block/wood",
    "side": "modid:block/wood"
  }
}