{
  "__comment__": "This file was automatically created by mcresources",
  "parent": "block/template_fence_gate_wall",
  "textures": {
    "texture": "modid:block/wood"
  }
}