{
  "__comment__": "This file was automatically created by mcresources",
  "parent": "block/template_orientable_trapdoor_open",
  "textures": {
    "texture": "modid:block/wood_trapdoor"
  }
}