{
  "__comment__": "This file was automatically created by mcresources",
  "parent": "block/door_bottom",
  "textures": {
    "top": "modid:block/wood_door_top",
    "bottom": "modid:block/wood_door_bottom"
  }
}