{
  "__comment__": "This file was automatically created by mcresources",
  "replace": true,
  "values": [
    "modid:iron_block",
    "othermod:iron_block"
  ]
}